// Jest Snapshot v1, https://goo.gl/fbAQLP

exports[`TingswapV3Factory #createPool gas 1`] = `4557092`;

exports[`TingswapV3Factory factory bytecode size 1`] = `24535`;

exports[`TingswapV3Factory pool bytecode size 1`] = `22142`;
