// Jest Snapshot v1, https://goo.gl/fbAQLP

exports[`TingswapV3Pool gas tests fee is off #burn above current price burn entire position after some time passes 1`] = `58703`;

exports[`TingswapV3Pool gas tests fee is off #burn above current price burn when only position using ticks 1`] = `58703`;

exports[`TingswapV3Pool gas tests fee is off #burn above current price entire position burn but other positions are using the ticks 1`] = `82740`;

exports[`TingswapV3Pool gas tests fee is off #burn above current price partial position burn 1`] = `97740`;

exports[`TingswapV3Pool gas tests fee is off #burn around current price burn entire position after some time passes 1`] = `69498`;

exports[`TingswapV3Pool gas tests fee is off #burn around current price burn when only position using ticks 1`] = `66309`;

exports[`TingswapV3Pool gas tests fee is off #burn around current price entire position burn but other positions are using the ticks 1`] = `87551`;

exports[`TingswapV3Pool gas tests fee is off #burn around current price partial position burn 1`] = `102551`;

exports[`TingswapV3Pool gas tests fee is off #burn below current price burn entire position after some time passes 1`] = `64624`;

exports[`TingswapV3Pool gas tests fee is off #burn below current price burn when only position using ticks 1`] = `64624`;

exports[`TingswapV3Pool gas tests fee is off #burn below current price entire position burn but other positions are using the ticks 1`] = `83381`;

exports[`TingswapV3Pool gas tests fee is off #burn below current price partial position burn 1`] = `98381`;

exports[`TingswapV3Pool gas tests fee is off #collect close to worst case 1`] = `35816`;

exports[`TingswapV3Pool gas tests fee is off #increaseObservationCardinalityNext grow by 1 slot 1`] = `51098`;

exports[`TingswapV3Pool gas tests fee is off #increaseObservationCardinalityNext no op 1`] = `24677`;

exports[`TingswapV3Pool gas tests fee is off #mint above current price add to position after some time passes 1`] = `109384`;

exports[`TingswapV3Pool gas tests fee is off #mint above current price add to position existing 1`] = `109384`;

exports[`TingswapV3Pool gas tests fee is off #mint above current price new position mint first in range 1`] = `228058`;

exports[`TingswapV3Pool gas tests fee is off #mint above current price second position in same range 1`] = `126484`;

exports[`TingswapV3Pool gas tests fee is off #mint around current price add to position after some time passes 1`] = `147751`;

exports[`TingswapV3Pool gas tests fee is off #mint around current price add to position existing 1`] = `138572`;

exports[`TingswapV3Pool gas tests fee is off #mint around current price new position mint first in range 1`] = `328881`;

exports[`TingswapV3Pool gas tests fee is off #mint around current price second position in same range 1`] = `155672`;

exports[`TingswapV3Pool gas tests fee is off #mint below current price add to position after some time passes 1`] = `109976`;

exports[`TingswapV3Pool gas tests fee is off #mint below current price add to position existing 1`] = `109976`;

exports[`TingswapV3Pool gas tests fee is off #mint below current price new position mint first in range 1`] = `309762`;

exports[`TingswapV3Pool gas tests fee is off #mint below current price second position in same range 1`] = `127076`;

exports[`TingswapV3Pool gas tests fee is off #poke best case 1`] = `52006`;

exports[`TingswapV3Pool gas tests fee is off #snapshotCumulativesInside tick above 1`] = `29643`;

exports[`TingswapV3Pool gas tests fee is off #snapshotCumulativesInside tick below 1`] = `29605`;

exports[`TingswapV3Pool gas tests fee is off #snapshotCumulativesInside tick inside 1`] = `37053`;

exports[`TingswapV3Pool gas tests fee is off #swapExact0For1 first swap in block moves tick, no initialized crossings 1`] = `114826`;

exports[`TingswapV3Pool gas tests fee is off #swapExact0For1 first swap in block with no tick movement 1`] = `98972`;

exports[`TingswapV3Pool gas tests fee is off #swapExact0For1 first swap in block, large swap crossing a single initialized tick 1`] = `129839`;

exports[`TingswapV3Pool gas tests fee is off #swapExact0For1 first swap in block, large swap crossing several initialized ticks 1`] = `152674`;

exports[`TingswapV3Pool gas tests fee is off #swapExact0For1 first swap in block, large swap, no initialized crossings 1`] = `129437`;

exports[`TingswapV3Pool gas tests fee is off #swapExact0For1 large swap crossing several initialized ticks after some time passes 1`] = `152674`;

exports[`TingswapV3Pool gas tests fee is off #swapExact0For1 large swap crossing several initialized ticks second time after some time passes 1`] = `212674`;

exports[`TingswapV3Pool gas tests fee is off #swapExact0For1 second swap in block moves tick, no initialized crossings 1`] = `114826`;

exports[`TingswapV3Pool gas tests fee is off #swapExact0For1 second swap in block with no tick movement 1`] = `99083`;

exports[`TingswapV3Pool gas tests fee is off #swapExact0For1 second swap in block, large swap crossing a single initialized tick 1`] = `116422`;

exports[`TingswapV3Pool gas tests fee is off #swapExact0For1 second swap in block, large swap crossing several initialized ticks 1`] = `139235`;

exports[`TingswapV3Pool gas tests fee is on #burn above current price burn entire position after some time passes 1`] = `58703`;

exports[`TingswapV3Pool gas tests fee is on #burn above current price burn when only position using ticks 1`] = `58703`;

exports[`TingswapV3Pool gas tests fee is on #burn above current price entire position burn but other positions are using the ticks 1`] = `82740`;

exports[`TingswapV3Pool gas tests fee is on #burn above current price partial position burn 1`] = `97740`;

exports[`TingswapV3Pool gas tests fee is on #burn around current price burn entire position after some time passes 1`] = `69498`;

exports[`TingswapV3Pool gas tests fee is on #burn around current price burn when only position using ticks 1`] = `66309`;

exports[`TingswapV3Pool gas tests fee is on #burn around current price entire position burn but other positions are using the ticks 1`] = `87551`;

exports[`TingswapV3Pool gas tests fee is on #burn around current price partial position burn 1`] = `102551`;

exports[`TingswapV3Pool gas tests fee is on #burn below current price burn entire position after some time passes 1`] = `64624`;

exports[`TingswapV3Pool gas tests fee is on #burn below current price burn when only position using ticks 1`] = `64624`;

exports[`TingswapV3Pool gas tests fee is on #burn below current price entire position burn but other positions are using the ticks 1`] = `83381`;

exports[`TingswapV3Pool gas tests fee is on #burn below current price partial position burn 1`] = `98381`;

exports[`TingswapV3Pool gas tests fee is on #collect close to worst case 1`] = `35816`;

exports[`TingswapV3Pool gas tests fee is on #increaseObservationCardinalityNext grow by 1 slot 1`] = `51098`;

exports[`TingswapV3Pool gas tests fee is on #increaseObservationCardinalityNext no op 1`] = `24677`;

exports[`TingswapV3Pool gas tests fee is on #mint above current price add to position after some time passes 1`] = `109384`;

exports[`TingswapV3Pool gas tests fee is on #mint above current price add to position existing 1`] = `109384`;

exports[`TingswapV3Pool gas tests fee is on #mint above current price new position mint first in range 1`] = `228058`;

exports[`TingswapV3Pool gas tests fee is on #mint above current price second position in same range 1`] = `126484`;

exports[`TingswapV3Pool gas tests fee is on #mint around current price add to position after some time passes 1`] = `147751`;

exports[`TingswapV3Pool gas tests fee is on #mint around current price add to position existing 1`] = `138572`;

exports[`TingswapV3Pool gas tests fee is on #mint around current price new position mint first in range 1`] = `328881`;

exports[`TingswapV3Pool gas tests fee is on #mint around current price second position in same range 1`] = `155672`;

exports[`TingswapV3Pool gas tests fee is on #mint below current price add to position after some time passes 1`] = `109976`;

exports[`TingswapV3Pool gas tests fee is on #mint below current price add to position existing 1`] = `109976`;

exports[`TingswapV3Pool gas tests fee is on #mint below current price new position mint first in range 1`] = `309762`;

exports[`TingswapV3Pool gas tests fee is on #mint below current price second position in same range 1`] = `127076`;

exports[`TingswapV3Pool gas tests fee is on #poke best case 1`] = `52006`;

exports[`TingswapV3Pool gas tests fee is on #snapshotCumulativesInside tick above 1`] = `29643`;

exports[`TingswapV3Pool gas tests fee is on #snapshotCumulativesInside tick below 1`] = `29605`;

exports[`TingswapV3Pool gas tests fee is on #snapshotCumulativesInside tick inside 1`] = `37053`;

exports[`TingswapV3Pool gas tests fee is on #swapExact0For1 first swap in block moves tick, no initialized crossings 1`] = `120213`;

exports[`TingswapV3Pool gas tests fee is on #swapExact0For1 first swap in block with no tick movement 1`] = `104212`;

exports[`TingswapV3Pool gas tests fee is on #swapExact0For1 first swap in block, large swap crossing a single initialized tick 1`] = `135373`;

exports[`TingswapV3Pool gas tests fee is on #swapExact0For1 first swap in block, large swap crossing several initialized ticks 1`] = `158649`;

exports[`TingswapV3Pool gas tests fee is on #swapExact0For1 first swap in block, large swap, no initialized crossings 1`] = `135118`;

exports[`TingswapV3Pool gas tests fee is on #swapExact0For1 large swap crossing several initialized ticks after some time passes 1`] = `158649`;

exports[`TingswapV3Pool gas tests fee is on #swapExact0For1 large swap crossing several initialized ticks second time after some time passes 1`] = `218649`;

exports[`TingswapV3Pool gas tests fee is on #swapExact0For1 second swap in block moves tick, no initialized crossings 1`] = `120213`;

exports[`TingswapV3Pool gas tests fee is on #swapExact0For1 second swap in block with no tick movement 1`] = `104323`;

exports[`TingswapV3Pool gas tests fee is on #swapExact0For1 second swap in block, large swap crossing a single initialized tick 1`] = `121809`;

exports[`TingswapV3Pool gas tests fee is on #swapExact0For1 second swap in block, large swap crossing several initialized ticks 1`] = `145063`;
